// Jest Snapshot v1, https://goo.gl/fbAQLP

exports[`BookDetailView Call fetchBookById action from store 1`] = `
"<section class=\\"book-detail wrapper\\">
  <div class=\\"book-info items-container\\"><button class=\\"text-white px-2 flex items-center justify-center danger absolute top-5 right-5\\" data-test=\\"button\\" type=\\"button\\" title=\\"Go to favorites\\">
      <fa class=\\"icon text-sm\\" icon=\\"heart\\"></fa>
    </button>
    <h2 class=\\"title\\">Book detail</h2>
    <div class=\\"volume-info item\\">
      <div class=\\"book-card\\">
        <div class=\\"book-header\\">
          <div class=\\"book-image w-36 h-48 flex justify-center items-center border\\"><img src=\\"http://books.google.com/books/content?id=VvJZ3lp2sg0C&amp;printsec=frontcover&amp;img=1&amp;zoom=5&amp;imgtk=AFLRE71xS6JObSmwNwrTfoDr8Sz1zoFuOllqscsfjDaWHrRcI3iznK8QFhq4-TD7gd3m7MmgEoyhdIYY5UXcHRY7z-ZzM1nmNZ-b3cyBqbCUXgeXslF3DfnAMUSD5W6SgIHfbDb8bpVf&amp;source=gbs_api\\" alt=\\"Book image\\" title=\\"Book image\\"></div>
          <div class=\\"main-info\\">
            <h3 class=\\"book-title\\">SEAFOOD COOK BOOK
              <!--v-if-->
            </h3>
            <h4 class=\\"authors\\"></h4>
            <!--v-if-->
            <div class=\\"language mt-3\\"> Language: (EN) <span class=\\"total-pages mt-3\\"> - Pages: 112</span></div>
          </div>
        </div>
        <div class=\\"card-actions absolute right-6 top-6 w-20 flex justify-end\\">
          <!--v-if--><button class=\\"text-white px-2 flex items-center justify-center default\\" data-test=\\"add-to-favorites\\" type=\\"button\\" title=\\"Add to favorites\\">
            <fa class=\\"icon text-sm\\" icon=\\"heart\\"></fa>
          </button>
        </div>
      </div>
    </div>
    <!--v-if-->
    <!--v-if-->
    <div class=\\"book-links item\\">
      <h4 class=\\"subtitle\\">Quick links</h4>
      <div class=\\"links\\">
        <div class=\\"book-link\\"><button class=\\"text-white px-10 flex items-center justify-center default\\" data-test=\\"preview-link\\" type=\\"button\\">
            <fa class=\\"icon text-sm mr-2\\" icon=\\"book\\"></fa> Preview
          </button></div>
        <div class=\\"book-link\\"><button class=\\"text-white px-10 flex items-center justify-center default\\" data-test=\\"info-link\\" type=\\"button\\">
            <fa class=\\"icon text-sm mr-2\\" icon=\\"book\\"></fa> Info
          </button></div>
        <div class=\\"book-link\\"><button class=\\"text-white px-10 flex items-center justify-center default\\" data-test=\\"canonical-link\\" type=\\"button\\">
            <fa class=\\"icon text-sm mr-2\\" icon=\\"book\\"></fa> Canonical
          </button></div>
      </div>
    </div>
    <!--v-if--><button class=\\"text-white mt-8 px-10 flex items-center justify-center primary\\" data-test=\\"button\\" type=\\"button\\">
      <fa class=\\"icon text-sm mr-2\\" icon=\\"home\\"></fa> Back to home
    </button>
  </div>
</section>"
`;
